127.0.0.1 - - [29/Aug/2022:15:35:58 +0900] "GET / HTTP/1.1" 404 807
0:0:0:0:0:0:0:1 - - [29/Aug/2022:15:36:58 +0900] "GET /webShop/main.html HTTP/1.1" 200 148
0:0:0:0:0:0:0:1 - - [29/Aug/2022:15:36:58 +0900] "GET /favicon.ico HTTP/1.1" 404 818
0:0:0:0:0:0:0:1 - - [29/Aug/2022:15:41:29 +0900] "GET /webShop/main.html HTTP/1.1" 304 -
0:0:0:0:0:0:0:1 - - [29/Aug/2022:16:07:38 +0900] "GET /pro05/first HTTP/1.1" 404 822
127.0.0.1 - - [29/Aug/2022:16:08:16 +0900] "GET /pro05/first HTTP/1.1" 404 822
127.0.0.1 - - [29/Aug/2022:16:08:43 +0900] "GET / HTTP/1.1" 404 807
127.0.0.1 - - [29/Aug/2022:16:08:49 +0900] "GET /pro05/first HTTP/1.1" 404 822
127.0.0.1 - - [29/Aug/2022:16:08:50 +0900] "GET /pro05/first HTTP/1.1" 404 822
127.0.0.1 - - [29/Aug/2022:16:08:50 +0900] "GET /pro05/first HTTP/1.1" 404 822
127.0.0.1 - - [29/Aug/2022:16:10:33 +0900] "GET / HTTP/1.1" 404 807
127.0.0.1 - - [29/Aug/2022:16:10:40 +0900] "GET /pro05/first HTTP/1.1" 200 -
127.0.0.1 - - [29/Aug/2022:16:10:43 +0900] "GET /pro05/first HTTP/1.1" 200 -
127.0.0.1 - - [29/Aug/2022:16:13:26 +0900] "GET / HTTP/1.1" 404 807
127.0.0.1 - - [29/Aug/2022:16:13:36 +0900] "GET /pro05/second HTTP/1.1" 200 -
127.0.0.1 - - [29/Aug/2022:16:15:51 +0900] "GET /pro05/first HTTP/1.1" 200 -
127.0.0.1 - - [29/Aug/2022:16:16:03 +0900] "GET /pro05/first HTTP/1.1" 200 -
127.0.0.1 - - [29/Aug/2022:16:21:44 +0900] "GET / HTTP/1.1" 404 807
127.0.0.1 - - [29/Aug/2022:16:21:50 +0900] "GET /pro05/third HTTP/1.1" 200 17
127.0.0.1 - - [29/Aug/2022:16:22:18 +0900] "GET /pro05/third HTTP/1.1" 200 17
127.0.0.1 - - [29/Aug/2022:16:22:20 +0900] "GET /pro05/third HTTP/1.1" 200 17
127.0.0.1 - - [29/Aug/2022:16:22:32 +0900] "GET / HTTP/1.1" 404 807
127.0.0.1 - - [29/Aug/2022:16:22:37 +0900] "GET /pro05/third HTTP/1.1" 200 17
127.0.0.1 - - [29/Aug/2022:16:24:58 +0900] "GET / HTTP/1.1" 404 807
127.0.0.1 - - [29/Aug/2022:16:25:00 +0900] "GET /pro05/third HTTP/1.1" 200 17
127.0.0.1 - - [29/Aug/2022:16:25:02 +0900] "GET /pro05/third HTTP/1.1" 200 17
127.0.0.1 - - [29/Aug/2022:16:25:13 +0900] "GET /pro05/third HTTP/1.1" 200 -
127.0.0.1 - - [29/Aug/2022:16:25:13 +0900] "GET /pro05/third HTTP/1.1" 200 -
127.0.0.1 - - [29/Aug/2022:16:25:14 +0900] "GET /pro05/third HTTP/1.1" 200 -
127.0.0.1 - - [29/Aug/2022:16:25:15 +0900] "GET /pro05/third HTTP/1.1" 200 -
127.0.0.1 - - [29/Aug/2022:16:25:15 +0900] "GET /pro05/third HTTP/1.1" 200 -
127.0.0.1 - - [29/Aug/2022:17:11:23 +0900] "GET / HTTP/1.1" 404 807
0:0:0:0:0:0:0:1 - - [29/Aug/2022:17:11:43 +0900] "GET /pro06/login.html HTTP/1.1" 404 827
127.0.0.1 - - [29/Aug/2022:17:12:03 +0900] "GET / HTTP/1.1" 404 807
0:0:0:0:0:0:0:1 - - [29/Aug/2022:17:12:09 +0900] "GET /pro06/login.html HTTP/1.1" 404 827
0:0:0:0:0:0:0:1 - - [29/Aug/2022:17:12:20 +0900] "GET /pro06/login.html HTTP/1.1" 404 827
0:0:0:0:0:0:0:1 - - [29/Aug/2022:17:12:22 +0900] "GET /pro06/login.html HTTP/1.1" 404 827
0:0:0:0:0:0:0:1 - - [29/Aug/2022:18:07:29 +0900] "GET /pro06/login.html HTTP/1.1" 404 827
127.0.0.1 - - [29/Aug/2022:18:07:54 +0900] "GET / HTTP/1.1" 404 807
0:0:0:0:0:0:0:1 - - [29/Aug/2022:18:07:57 +0900] "GET /pro06/login.html HTTP/1.1" 404 827
0:0:0:0:0:0:0:1 - - [29/Aug/2022:18:07:58 +0900] "GET /pro06/login.html HTTP/1.1" 404 827
0:0:0:0:0:0:0:1 - - [29/Aug/2022:18:07:58 +0900] "GET /pro06/login.html HTTP/1.1" 404 827
0:0:0:0:0:0:0:1 - - [29/Aug/2022:18:07:59 +0900] "GET /pro06/login.html HTTP/1.1" 404 827
0:0:0:0:0:0:0:1 - - [29/Aug/2022:18:08:10 +0900] "GET /pro06/login.html HTTP/1.1" 404 827
0:0:0:0:0:0:0:1 - - [29/Aug/2022:18:08:10 +0900] "GET /pro06/login.html HTTP/1.1" 404 827
0:0:0:0:0:0:0:1 - - [29/Aug/2022:18:08:11 +0900] "GET /pro06/login.html HTTP/1.1" 404 827
0:0:0:0:0:0:0:1 - - [29/Aug/2022:18:08:17 +0900] "GET /pro06/login.html HTTP/1.1" 404 827
0:0:0:0:0:0:0:1 - - [29/Aug/2022:18:08:19 +0900] "GET /pro06/login.html HTTP/1.1" 404 827
127.0.0.1 - - [29/Aug/2022:18:09:24 +0900] "GET / HTTP/1.1" 404 807
0:0:0:0:0:0:0:1 - - [29/Aug/2022:18:09:26 +0900] "GET /pro06/login.html HTTP/1.1" 200 394
0:0:0:0:0:0:0:1 - - [29/Aug/2022:18:09:37 +0900] "GET /pro06/login?user_id=hong&user_pw=1212 HTTP/1.1" 500 3566
127.0.0.1 - - [29/Aug/2022:18:12:43 +0900] "GET / HTTP/1.1" 404 807
0:0:0:0:0:0:0:1 - - [29/Aug/2022:18:13:21 +0900] "GET /pro06/login?user_id=sae&user_pw=som HTTP/1.1" 200 -
127.0.0.1 - - [29/Aug/2022:21:45:08 +0900] "GET / HTTP/1.1" 404 807
0:0:0:0:0:0:0:1 - - [29/Aug/2022:21:45:10 +0900] "GET /pro06/login?user_id=sae&user_pw=som HTTP/1.1" 200 -
0:0:0:0:0:0:0:1 - - [29/Aug/2022:21:45:12 +0900] "GET /pro06/login?user_id=sae&user_pw=som HTTP/1.1" 200 -
0:0:0:0:0:0:0:1 - - [29/Aug/2022:21:45:13 +0900] "GET /pro06/login?user_id=sae&user_pw=som HTTP/1.1" 200 -
0:0:0:0:0:0:0:1 - - [29/Aug/2022:21:45:21 +0900] "GET /pro06/login.html HTTP/1.1" 304 -
0:0:0:0:0:0:0:1 - - [29/Aug/2022:21:45:33 +0900] "GET /pro06/input.html HTTP/1.1" 200 697
127.0.0.1 - - [29/Aug/2022:21:46:11 +0900] "GET / HTTP/1.1" 404 807
0:0:0:0:0:0:0:1 - - [29/Aug/2022:21:46:12 +0900] "GET /pro06/input.html HTTP/1.1" 304 -
0:0:0:0:0:0:0:1 - - [29/Aug/2022:21:46:13 +0900] "GET /pro06/input.html HTTP/1.1" 304 -
127.0.0.1 - - [29/Aug/2022:21:46:32 +0900] "GET / HTTP/1.1" 404 807
0:0:0:0:0:0:0:1 - - [29/Aug/2022:21:46:34 +0900] "GET /pro06/input.html HTTP/1.1" 200 673
0:0:0:0:0:0:0:1 - - [29/Aug/2022:21:46:51 +0900] "GET /pro06/input?user_id=%EB%B0%A9%EA%B5%AC%EB%85%B8&user_pw=jex&subject=java&subject=%EC%95%88%EB%93%9C%EB%A1%9C%EC%9D%B4%EB%93%9C HTTP/1.1" 200 -
127.0.0.1 - - [29/Aug/2022:21:55:04 +0900] "GET / HTTP/1.1" 404 807
0:0:0:0:0:0:0:1 - - [29/Aug/2022:21:55:07 +0900] "GET /pro06/input?user_id=%EB%B0%A9%EA%B5%AC%EB%85%B8&user_pw=jex&subject=java&subject=%EC%95%88%EB%93%9C%EB%A1%9C%EC%9D%B4%EB%93%9C HTTP/1.1" 200 -
0:0:0:0:0:0:0:1 - - [29/Aug/2022:21:55:08 +0900] "GET /pro06/input?user_id=%EB%B0%A9%EA%B5%AC%EB%85%B8&user_pw=jex&subject=java&subject=%EC%95%88%EB%93%9C%EB%A1%9C%EC%9D%B4%EB%93%9C HTTP/1.1" 200 -
0:0:0:0:0:0:0:1 - - [29/Aug/2022:21:55:09 +0900] "GET /pro06/input?user_id=%EB%B0%A9%EA%B5%AC%EB%85%B8&user_pw=jex&subject=java&subject=%EC%95%88%EB%93%9C%EB%A1%9C%EC%9D%B4%EB%93%9C HTTP/1.1" 200 -
0:0:0:0:0:0:0:1 - - [29/Aug/2022:21:55:12 +0900] "GET /pro06/input.html HTTP/1.1" 200 674
0:0:0:0:0:0:0:1 - - [29/Aug/2022:21:55:12 +0900] "GET /pro06/input.html HTTP/1.1" 304 -
0:0:0:0:0:0:0:1 - - [29/Aug/2022:21:55:20 +0900] "GET /pro06/input2?user_id=%EC%9D%B4%EC%A0%95%EB%AA%85&user_pw=vngod&subject=java&subject=%EC%95%88%EB%93%9C%EB%A1%9C%EC%9D%B4%EB%93%9C HTTP/1.1" 404 823
0:0:0:0:0:0:0:1 - - [29/Aug/2022:21:55:31 +0900] "GET /pro06/input2?user_id=%EC%9D%B4%EC%A0%95%EB%AA%85&user_pw=vngod&subject=java&subject=%EC%95%88%EB%93%9C%EB%A1%9C%EC%9D%B4%EB%93%9C HTTP/1.1" 404 823
0:0:0:0:0:0:0:1 - - [29/Aug/2022:21:55:39 +0900] "GET /pro06/input.html HTTP/1.1" 304 -
0:0:0:0:0:0:0:1 - - [29/Aug/2022:21:55:46 +0900] "GET /pro06/input2?user_id=%EC%9D%B4%EC%A0%95%EB%AA%85&user_pw=dladw&subject=java&subject=%EC%95%88%EB%93%9C%EB%A1%9C%EC%9D%B4%EB%93%9C HTTP/1.1" 404 823
127.0.0.1 - - [29/Aug/2022:21:56:16 +0900] "GET / HTTP/1.1" 404 807
0:0:0:0:0:0:0:1 - - [29/Aug/2022:21:56:19 +0900] "GET /pro06/input2?user_id=%EC%9D%B4%EC%A0%95%EB%AA%85&user_pw=dladw&subject=java&subject=%EC%95%88%EB%93%9C%EB%A1%9C%EC%9D%B4%EB%93%9C HTTP/1.1" 200 -
0:0:0:0:0:0:0:1 - - [29/Aug/2022:21:56:22 +0900] "GET /pro06/input2?user_id=%EC%9D%B4%EC%A0%95%EB%AA%85&user_pw=dladw&subject=java&subject=%EC%95%88%EB%93%9C%EB%A1%9C%EC%9D%B4%EB%93%9C HTTP/1.1" 200 -
0:0:0:0:0:0:0:1 - - [29/Aug/2022:21:56:22 +0900] "GET /pro06/input2?user_id=%EC%9D%B4%EC%A0%95%EB%AA%85&user_pw=dladw&subject=java&subject=%EC%95%88%EB%93%9C%EB%A1%9C%EC%9D%B4%EB%93%9C HTTP/1.1" 200 -
0:0:0:0:0:0:0:1 - - [29/Aug/2022:21:56:24 +0900] "GET /pro06/input.html HTTP/1.1" 304 -
0:0:0:0:0:0:0:1 - - [29/Aug/2022:21:56:29 +0900] "GET /pro06/input2?user_id=%EC%9D%B4%EC%A0%95%EB%AA%85&user_pw=654654&subject=java HTTP/1.1" 200 -
127.0.0.1 - - [29/Aug/2022:22:19:38 +0900] "GET / HTTP/1.1" 404 807
0:0:0:0:0:0:0:1 - - [29/Aug/2022:22:19:49 +0900] "GET /pro06/login.html HTTP/1.1" 200 395
0:0:0:0:0:0:0:1 - - [29/Aug/2022:22:19:54 +0900] "GET /pro06/login2?user_id=%EC%9D%B4%EC%A0%95%EB%AA%85&user_pw=pass HTTP/1.1" 200 70
